Archive member included to satisfy reference by file (symbol)

/usr/lib/gcc/arm-none-eabi/10.3.1/../../../arm-none-eabi/lib/thumb/v7-m/nofp/libg.a(lib_a-atexit.o)
                              /usr/lib/gcc/arm-none-eabi/10.3.1/../../../arm-none-eabi/lib/thumb/v7-m/nofp/crt0.o (atexit)
/usr/lib/gcc/arm-none-eabi/10.3.1/../../../arm-none-eabi/lib/thumb/v7-m/nofp/libg.a(lib_a-exit.o)
                              /usr/lib/gcc/arm-none-eabi/10.3.1/../../../arm-none-eabi/lib/thumb/v7-m/nofp/crt0.o (exit)
/usr/lib/gcc/arm-none-eabi/10.3.1/../../../arm-none-eabi/lib/thumb/v7-m/nofp/libg.a(lib_a-fini.o)
                              /usr/lib/gcc/arm-none-eabi/10.3.1/../../../arm-none-eabi/lib/thumb/v7-m/nofp/crt0.o (__libc_fini_array)
/usr/lib/gcc/arm-none-eabi/10.3.1/../../../arm-none-eabi/lib/thumb/v7-m/nofp/libg.a(lib_a-impure.o)
                              /usr/lib/gcc/arm-none-eabi/10.3.1/../../../arm-none-eabi/lib/thumb/v7-m/nofp/libg.a(lib_a-exit.o) (_global_impure_ptr)
/usr/lib/gcc/arm-none-eabi/10.3.1/../../../arm-none-eabi/lib/thumb/v7-m/nofp/libg.a(lib_a-init.o)
                              /usr/lib/gcc/arm-none-eabi/10.3.1/../../../arm-none-eabi/lib/thumb/v7-m/nofp/crt0.o (__libc_init_array)
/usr/lib/gcc/arm-none-eabi/10.3.1/../../../arm-none-eabi/lib/thumb/v7-m/nofp/libg.a(lib_a-memset.o)
                              /usr/lib/gcc/arm-none-eabi/10.3.1/../../../arm-none-eabi/lib/thumb/v7-m/nofp/crt0.o (memset)
/usr/lib/gcc/arm-none-eabi/10.3.1/../../../arm-none-eabi/lib/thumb/v7-m/nofp/libg.a(lib_a-__atexit.o)
                              /usr/lib/gcc/arm-none-eabi/10.3.1/../../../arm-none-eabi/lib/thumb/v7-m/nofp/libg.a(lib_a-atexit.o) (__register_exitproc)
/usr/lib/gcc/arm-none-eabi/10.3.1/../../../arm-none-eabi/lib/thumb/v7-m/nofp/libg.a(lib_a-__call_atexit.o)
                              /usr/lib/gcc/arm-none-eabi/10.3.1/../../../arm-none-eabi/lib/thumb/v7-m/nofp/libg.a(lib_a-exit.o) (__call_exitprocs)
/usr/lib/gcc/arm-none-eabi/10.3.1/../../../arm-none-eabi/lib/thumb/v7-m/nofp/libnosys.a(_exit.o)
                              /usr/lib/gcc/arm-none-eabi/10.3.1/../../../arm-none-eabi/lib/thumb/v7-m/nofp/libg.a(lib_a-exit.o) (_exit)

Discarded input sections

 .text          0x0000000000000000        0x0 /usr/lib/gcc/arm-none-eabi/10.3.1/thumb/v7-m/nofp/crti.o
 .data          0x0000000000000000        0x0 /usr/lib/gcc/arm-none-eabi/10.3.1/thumb/v7-m/nofp/crti.o
 .bss           0x0000000000000000        0x0 /usr/lib/gcc/arm-none-eabi/10.3.1/thumb/v7-m/nofp/crti.o
 .data          0x0000000000000000        0x4 /usr/lib/gcc/arm-none-eabi/10.3.1/thumb/v7-m/nofp/crtbegin.o
 .rodata        0x0000000000000000       0x24 /usr/lib/gcc/arm-none-eabi/10.3.1/thumb/v7-m/nofp/crtbegin.o
 .text          0x0000000000000000       0x70 /usr/lib/gcc/arm-none-eabi/10.3.1/../../../arm-none-eabi/lib/thumb/v7-m/nofp/crt0.o
 .data          0x0000000000000000        0x0 /usr/lib/gcc/arm-none-eabi/10.3.1/../../../arm-none-eabi/lib/thumb/v7-m/nofp/crt0.o
 .bss           0x0000000000000000        0x0 /usr/lib/gcc/arm-none-eabi/10.3.1/../../../arm-none-eabi/lib/thumb/v7-m/nofp/crt0.o
 .ARM.extab     0x0000000000000000        0x0 /usr/lib/gcc/arm-none-eabi/10.3.1/../../../arm-none-eabi/lib/thumb/v7-m/nofp/crt0.o
 .ARM.exidx     0x0000000000000000       0x10 /usr/lib/gcc/arm-none-eabi/10.3.1/../../../arm-none-eabi/lib/thumb/v7-m/nofp/crt0.o
 .debug_line    0x0000000000000000       0x87 /usr/lib/gcc/arm-none-eabi/10.3.1/../../../arm-none-eabi/lib/thumb/v7-m/nofp/crt0.o
 .debug_info    0x0000000000000000       0x26 /usr/lib/gcc/arm-none-eabi/10.3.1/../../../arm-none-eabi/lib/thumb/v7-m/nofp/crt0.o
 .debug_abbrev  0x0000000000000000       0x14 /usr/lib/gcc/arm-none-eabi/10.3.1/../../../arm-none-eabi/lib/thumb/v7-m/nofp/crt0.o
 .debug_aranges
                0x0000000000000000       0x20 /usr/lib/gcc/arm-none-eabi/10.3.1/../../../arm-none-eabi/lib/thumb/v7-m/nofp/crt0.o
 .debug_str     0x0000000000000000       0x94 /usr/lib/gcc/arm-none-eabi/10.3.1/../../../arm-none-eabi/lib/thumb/v7-m/nofp/crt0.o
 .ARM.attributes
                0x0000000000000000       0x1b /usr/lib/gcc/arm-none-eabi/10.3.1/../../../arm-none-eabi/lib/thumb/v7-m/nofp/crt0.o
 .group         0x0000000000000000        0xc /tmp/ccLyxsov.o
 .group         0x0000000000000000        0xc /tmp/ccLyxsov.o
 .data          0x0000000000000000        0x0 /tmp/ccLyxsov.o
 .bss           0x0000000000000000        0x0 /tmp/ccLyxsov.o
 .group         0x0000000000000000        0xc /tmp/ccB1DLc0.o
 .group         0x0000000000000000        0xc /tmp/ccB1DLc0.o
 .text          0x0000000000000000       0x6c /tmp/ccB1DLc0.o
 .data          0x0000000000000000        0x0 /tmp/ccB1DLc0.o
 .bss           0x0000000000000000        0x0 /tmp/ccB1DLc0.o
 .debug_info    0x0000000000000000       0x59 /tmp/ccB1DLc0.o
 .debug_abbrev  0x0000000000000000       0x58 /tmp/ccB1DLc0.o
 .debug_aranges
                0x0000000000000000       0x20 /tmp/ccB1DLc0.o
 .debug_macro   0x0000000000000000       0x1a /tmp/ccB1DLc0.o
 .debug_macro   0x0000000000000000      0xa5a /tmp/ccB1DLc0.o
 .debug_macro   0x0000000000000000       0x22 /tmp/ccB1DLc0.o
 .debug_line    0x0000000000000000       0x66 /tmp/ccB1DLc0.o
 .debug_str     0x0000000000000000     0x2d28 /tmp/ccB1DLc0.o
 .comment       0x0000000000000000       0x34 /tmp/ccB1DLc0.o
 .debug_frame   0x0000000000000000       0x50 /tmp/ccB1DLc0.o
 .ARM.attributes
                0x0000000000000000       0x2d /tmp/ccB1DLc0.o
 .group         0x0000000000000000        0xc /tmp/ccRa6uZT.o
 .group         0x0000000000000000        0xc /tmp/ccRa6uZT.o
 .data          0x0000000000000000        0x0 /tmp/ccRa6uZT.o
 .bss           0x0000000000000000        0x0 /tmp/ccRa6uZT.o
 .debug_macro   0x0000000000000000      0xa5a /tmp/ccRa6uZT.o
 .group         0x0000000000000000        0xc /tmp/ccFah88y.o
 .group         0x0000000000000000        0xc /tmp/ccFah88y.o
 .data          0x0000000000000000        0x0 /tmp/ccFah88y.o
 .bss           0x0000000000000000        0x0 /tmp/ccFah88y.o
 .debug_macro   0x0000000000000000      0xa5a /tmp/ccFah88y.o
 .group         0x0000000000000000        0xc /tmp/ccrfxUkC.o
 .text          0x0000000000000000       0x12 /tmp/ccrfxUkC.o
 .data          0x0000000000000000        0x0 /tmp/ccrfxUkC.o
 .bss           0x0000000000000000        0x0 /tmp/ccrfxUkC.o
 .debug_info    0x0000000000000000       0x4e /tmp/ccrfxUkC.o
 .debug_abbrev  0x0000000000000000       0x31 /tmp/ccrfxUkC.o
 .debug_aranges
                0x0000000000000000       0x20 /tmp/ccrfxUkC.o
 .debug_macro   0x0000000000000000       0x1b /tmp/ccrfxUkC.o
 .debug_macro   0x0000000000000000      0xa5a /tmp/ccrfxUkC.o
 .debug_line    0x0000000000000000       0x51 /tmp/ccrfxUkC.o
 .debug_str     0x0000000000000000     0x2c49 /tmp/ccrfxUkC.o
 .comment       0x0000000000000000       0x34 /tmp/ccrfxUkC.o
 .debug_frame   0x0000000000000000       0x48 /tmp/ccrfxUkC.o
 .ARM.attributes
                0x0000000000000000       0x2d /tmp/ccrfxUkC.o
 .group         0x0000000000000000        0xc /tmp/cclCuV6A.o
 .group         0x0000000000000000        0xc /tmp/cclCuV6A.o
 .group         0x0000000000000000        0xc /tmp/cclCuV6A.o
 .group         0x0000000000000000        0xc /tmp/cclCuV6A.o
 .data          0x0000000000000000        0x0 /tmp/cclCuV6A.o
 .bss           0x0000000000000000        0x0 /tmp/cclCuV6A.o
 .debug_macro   0x0000000000000000      0xa5a /tmp/cclCuV6A.o
 .debug_macro   0x0000000000000000       0x1c /tmp/cclCuV6A.o
 .debug_macro   0x0000000000000000       0x1c /tmp/cclCuV6A.o
 .debug_macro   0x0000000000000000       0x3a /tmp/cclCuV6A.o
 .group         0x0000000000000000        0xc /tmp/ccxBJOR6.o
 .group         0x0000000000000000        0xc /tmp/ccxBJOR6.o
 .text          0x0000000000000000       0x7c /tmp/ccxBJOR6.o
 .data          0x0000000000000000        0x0 /tmp/ccxBJOR6.o
 .bss           0x0000000000000000        0x0 /tmp/ccxBJOR6.o
 .debug_info    0x0000000000000000       0x4e /tmp/ccxBJOR6.o
 .debug_abbrev  0x0000000000000000       0x31 /tmp/ccxBJOR6.o
 .debug_aranges
                0x0000000000000000       0x20 /tmp/ccxBJOR6.o
 .debug_macro   0x0000000000000000       0x1a /tmp/ccxBJOR6.o
 .debug_macro   0x0000000000000000      0xa5a /tmp/ccxBJOR6.o
 .debug_macro   0x0000000000000000       0x2e /tmp/ccxBJOR6.o
 .debug_line    0x0000000000000000       0x64 /tmp/ccxBJOR6.o
 .debug_str     0x0000000000000000     0x2d77 /tmp/ccxBJOR6.o
 .comment       0x0000000000000000       0x34 /tmp/ccxBJOR6.o
 .debug_frame   0x0000000000000000       0x50 /tmp/ccxBJOR6.o
 .ARM.attributes
                0x0000000000000000       0x2d /tmp/ccxBJOR6.o
 .text          0x0000000000000000       0x14 /tmp/ccBY5AEq.o
 .data          0x0000000000000000        0x0 /tmp/ccBY5AEq.o
 .bss           0x0000000000000000        0x0 /tmp/ccBY5AEq.o
 .data          0x0000000000000000        0x0 /usr/lib/gcc/arm-none-eabi/10.3.1/../../../arm-none-eabi/lib/thumb/v7-m/nofp/libg.a(lib_a-atexit.o)
 .bss           0x0000000000000000        0x0 /usr/lib/gcc/arm-none-eabi/10.3.1/../../../arm-none-eabi/lib/thumb/v7-m/nofp/libg.a(lib_a-atexit.o)
 .text          0x0000000000000000       0x20 /usr/lib/gcc/arm-none-eabi/10.3.1/../../../arm-none-eabi/lib/thumb/v7-m/nofp/libg.a(lib_a-exit.o)
 .data          0x0000000000000000        0x0 /usr/lib/gcc/arm-none-eabi/10.3.1/../../../arm-none-eabi/lib/thumb/v7-m/nofp/libg.a(lib_a-exit.o)
 .bss           0x0000000000000000        0x0 /usr/lib/gcc/arm-none-eabi/10.3.1/../../../arm-none-eabi/lib/thumb/v7-m/nofp/libg.a(lib_a-exit.o)
 .debug_info    0x0000000000000000      0x969 /usr/lib/gcc/arm-none-eabi/10.3.1/../../../arm-none-eabi/lib/thumb/v7-m/nofp/libg.a(lib_a-exit.o)
 .debug_abbrev  0x0000000000000000      0x20c /usr/lib/gcc/arm-none-eabi/10.3.1/../../../arm-none-eabi/lib/thumb/v7-m/nofp/libg.a(lib_a-exit.o)
 .debug_loc     0x0000000000000000       0x22 /usr/lib/gcc/arm-none-eabi/10.3.1/../../../arm-none-eabi/lib/thumb/v7-m/nofp/libg.a(lib_a-exit.o)
 .debug_aranges
                0x0000000000000000       0x20 /usr/lib/gcc/arm-none-eabi/10.3.1/../../../arm-none-eabi/lib/thumb/v7-m/nofp/libg.a(lib_a-exit.o)
 .debug_line    0x0000000000000000      0x179 /usr/lib/gcc/arm-none-eabi/10.3.1/../../../arm-none-eabi/lib/thumb/v7-m/nofp/libg.a(lib_a-exit.o)
 .debug_str     0x0000000000000000      0x583 /usr/lib/gcc/arm-none-eabi/10.3.1/../../../arm-none-eabi/lib/thumb/v7-m/nofp/libg.a(lib_a-exit.o)
 .comment       0x0000000000000000       0x34 /usr/lib/gcc/arm-none-eabi/10.3.1/../../../arm-none-eabi/lib/thumb/v7-m/nofp/libg.a(lib_a-exit.o)
 .debug_frame   0x0000000000000000       0x28 /usr/lib/gcc/arm-none-eabi/10.3.1/../../../arm-none-eabi/lib/thumb/v7-m/nofp/libg.a(lib_a-exit.o)
 .ARM.attributes
                0x0000000000000000       0x2d /usr/lib/gcc/arm-none-eabi/10.3.1/../../../arm-none-eabi/lib/thumb/v7-m/nofp/libg.a(lib_a-exit.o)
 .data          0x0000000000000000        0x0 /usr/lib/gcc/arm-none-eabi/10.3.1/../../../arm-none-eabi/lib/thumb/v7-m/nofp/libg.a(lib_a-fini.o)
 .bss           0x0000000000000000        0x0 /usr/lib/gcc/arm-none-eabi/10.3.1/../../../arm-none-eabi/lib/thumb/v7-m/nofp/libg.a(lib_a-fini.o)
 .text          0x0000000000000000        0x0 /usr/lib/gcc/arm-none-eabi/10.3.1/../../../arm-none-eabi/lib/thumb/v7-m/nofp/libg.a(lib_a-impure.o)
 .bss           0x0000000000000000        0x0 /usr/lib/gcc/arm-none-eabi/10.3.1/../../../arm-none-eabi/lib/thumb/v7-m/nofp/libg.a(lib_a-impure.o)
 .data          0x0000000000000000        0x0 /usr/lib/gcc/arm-none-eabi/10.3.1/../../../arm-none-eabi/lib/thumb/v7-m/nofp/libg.a(lib_a-init.o)
 .bss           0x0000000000000000        0x0 /usr/lib/gcc/arm-none-eabi/10.3.1/../../../arm-none-eabi/lib/thumb/v7-m/nofp/libg.a(lib_a-init.o)
 .text          0x0000000000000000       0xa4 /usr/lib/gcc/arm-none-eabi/10.3.1/../../../arm-none-eabi/lib/thumb/v7-m/nofp/libg.a(lib_a-memset.o)
 .data          0x0000000000000000        0x0 /usr/lib/gcc/arm-none-eabi/10.3.1/../../../arm-none-eabi/lib/thumb/v7-m/nofp/libg.a(lib_a-memset.o)
 .bss           0x0000000000000000        0x0 /usr/lib/gcc/arm-none-eabi/10.3.1/../../../arm-none-eabi/lib/thumb/v7-m/nofp/libg.a(lib_a-memset.o)
 .debug_info    0x0000000000000000      0x137 /usr/lib/gcc/arm-none-eabi/10.3.1/../../../arm-none-eabi/lib/thumb/v7-m/nofp/libg.a(lib_a-memset.o)
 .debug_abbrev  0x0000000000000000       0xb4 /usr/lib/gcc/arm-none-eabi/10.3.1/../../../arm-none-eabi/lib/thumb/v7-m/nofp/libg.a(lib_a-memset.o)
 .debug_loc     0x0000000000000000      0x22c /usr/lib/gcc/arm-none-eabi/10.3.1/../../../arm-none-eabi/lib/thumb/v7-m/nofp/libg.a(lib_a-memset.o)
 .debug_aranges
                0x0000000000000000       0x20 /usr/lib/gcc/arm-none-eabi/10.3.1/../../../arm-none-eabi/lib/thumb/v7-m/nofp/libg.a(lib_a-memset.o)
 .debug_line    0x0000000000000000      0x1bf /usr/lib/gcc/arm-none-eabi/10.3.1/../../../arm-none-eabi/lib/thumb/v7-m/nofp/libg.a(lib_a-memset.o)
 .debug_str     0x0000000000000000      0x1b3 /usr/lib/gcc/arm-none-eabi/10.3.1/../../../arm-none-eabi/lib/thumb/v7-m/nofp/libg.a(lib_a-memset.o)
 .comment       0x0000000000000000       0x34 /usr/lib/gcc/arm-none-eabi/10.3.1/../../../arm-none-eabi/lib/thumb/v7-m/nofp/libg.a(lib_a-memset.o)
 .debug_frame   0x0000000000000000       0x2c /usr/lib/gcc/arm-none-eabi/10.3.1/../../../arm-none-eabi/lib/thumb/v7-m/nofp/libg.a(lib_a-memset.o)
 .ARM.attributes
                0x0000000000000000       0x2d /usr/lib/gcc/arm-none-eabi/10.3.1/../../../arm-none-eabi/lib/thumb/v7-m/nofp/libg.a(lib_a-memset.o)
 .data          0x0000000000000000        0x0 /usr/lib/gcc/arm-none-eabi/10.3.1/../../../arm-none-eabi/lib/thumb/v7-m/nofp/libg.a(lib_a-__atexit.o)
 .bss           0x0000000000000000        0x0 /usr/lib/gcc/arm-none-eabi/10.3.1/../../../arm-none-eabi/lib/thumb/v7-m/nofp/libg.a(lib_a-__atexit.o)
 .text          0x0000000000000000       0xb0 /usr/lib/gcc/arm-none-eabi/10.3.1/../../../arm-none-eabi/lib/thumb/v7-m/nofp/libg.a(lib_a-__call_atexit.o)
 .data          0x0000000000000000        0x0 /usr/lib/gcc/arm-none-eabi/10.3.1/../../../arm-none-eabi/lib/thumb/v7-m/nofp/libg.a(lib_a-__call_atexit.o)
 .bss           0x0000000000000000        0x0 /usr/lib/gcc/arm-none-eabi/10.3.1/../../../arm-none-eabi/lib/thumb/v7-m/nofp/libg.a(lib_a-__call_atexit.o)
 .text          0x0000000000000000        0x4 /usr/lib/gcc/arm-none-eabi/10.3.1/../../../arm-none-eabi/lib/thumb/v7-m/nofp/libnosys.a(_exit.o)
 .data          0x0000000000000000        0x0 /usr/lib/gcc/arm-none-eabi/10.3.1/../../../arm-none-eabi/lib/thumb/v7-m/nofp/libnosys.a(_exit.o)
 .bss           0x0000000000000000        0x0 /usr/lib/gcc/arm-none-eabi/10.3.1/../../../arm-none-eabi/lib/thumb/v7-m/nofp/libnosys.a(_exit.o)
 .debug_info    0x0000000000000000       0xa3 /usr/lib/gcc/arm-none-eabi/10.3.1/../../../arm-none-eabi/lib/thumb/v7-m/nofp/libnosys.a(_exit.o)
 .debug_abbrev  0x0000000000000000       0x6a /usr/lib/gcc/arm-none-eabi/10.3.1/../../../arm-none-eabi/lib/thumb/v7-m/nofp/libnosys.a(_exit.o)
 .debug_loc     0x0000000000000000       0x15 /usr/lib/gcc/arm-none-eabi/10.3.1/../../../arm-none-eabi/lib/thumb/v7-m/nofp/libnosys.a(_exit.o)
 .debug_aranges
                0x0000000000000000       0x20 /usr/lib/gcc/arm-none-eabi/10.3.1/../../../arm-none-eabi/lib/thumb/v7-m/nofp/libnosys.a(_exit.o)
 .debug_line    0x0000000000000000       0x75 /usr/lib/gcc/arm-none-eabi/10.3.1/../../../arm-none-eabi/lib/thumb/v7-m/nofp/libnosys.a(_exit.o)
 .debug_str     0x0000000000000000      0x179 /usr/lib/gcc/arm-none-eabi/10.3.1/../../../arm-none-eabi/lib/thumb/v7-m/nofp/libnosys.a(_exit.o)
 .comment       0x0000000000000000       0x34 /usr/lib/gcc/arm-none-eabi/10.3.1/../../../arm-none-eabi/lib/thumb/v7-m/nofp/libnosys.a(_exit.o)
 .debug_frame   0x0000000000000000       0x20 /usr/lib/gcc/arm-none-eabi/10.3.1/../../../arm-none-eabi/lib/thumb/v7-m/nofp/libnosys.a(_exit.o)
 .ARM.attributes
                0x0000000000000000       0x2d /usr/lib/gcc/arm-none-eabi/10.3.1/../../../arm-none-eabi/lib/thumb/v7-m/nofp/libnosys.a(_exit.o)
 .text          0x0000000000000000        0x0 /usr/lib/gcc/arm-none-eabi/10.3.1/thumb/v7-m/nofp/crtend.o
 .data          0x0000000000000000        0x0 /usr/lib/gcc/arm-none-eabi/10.3.1/thumb/v7-m/nofp/crtend.o
 .bss           0x0000000000000000        0x0 /usr/lib/gcc/arm-none-eabi/10.3.1/thumb/v7-m/nofp/crtend.o
 .rodata        0x0000000000000000       0x24 /usr/lib/gcc/arm-none-eabi/10.3.1/thumb/v7-m/nofp/crtend.o
 .eh_frame      0x0000000000000000        0x4 /usr/lib/gcc/arm-none-eabi/10.3.1/thumb/v7-m/nofp/crtend.o
 .text          0x0000000000000000        0x0 /usr/lib/gcc/arm-none-eabi/10.3.1/thumb/v7-m/nofp/crtn.o
 .data          0x0000000000000000        0x0 /usr/lib/gcc/arm-none-eabi/10.3.1/thumb/v7-m/nofp/crtn.o
 .bss           0x0000000000000000        0x0 /usr/lib/gcc/arm-none-eabi/10.3.1/thumb/v7-m/nofp/crtn.o

Memory Configuration

Name             Origin             Length             Attributes
RAM              0x0000000020000000 0x0000000000005000 xrw
FLASH            0x0000000008000000 0x0000000000010000 xr
*default*        0x0000000000000000 0xffffffffffffffff

Linker script and memory map

LOAD /usr/lib/gcc/arm-none-eabi/10.3.1/thumb/v7-m/nofp/crti.o
LOAD /usr/lib/gcc/arm-none-eabi/10.3.1/thumb/v7-m/nofp/crtbegin.o
LOAD /usr/lib/gcc/arm-none-eabi/10.3.1/../../../arm-none-eabi/lib/thumb/v7-m/nofp/crt0.o
LOAD /tmp/ccLyxsov.o
LOAD /tmp/ccB1DLc0.o
LOAD /tmp/ccRa6uZT.o
LOAD /tmp/ccFah88y.o
LOAD /tmp/ccrfxUkC.o
LOAD /tmp/cclCuV6A.o
LOAD /tmp/ccxBJOR6.o
LOAD /tmp/ccBY5AEq.o
START GROUP
LOAD /usr/lib/gcc/arm-none-eabi/10.3.1/thumb/v7-m/nofp/libgcc.a
LOAD /usr/lib/gcc/arm-none-eabi/10.3.1/../../../arm-none-eabi/lib/thumb/v7-m/nofp/libg.a
LOAD /usr/lib/gcc/arm-none-eabi/10.3.1/../../../arm-none-eabi/lib/thumb/v7-m/nofp/libc.a
END GROUP
START GROUP
LOAD /usr/lib/gcc/arm-none-eabi/10.3.1/thumb/v7-m/nofp/libgcc.a
LOAD /usr/lib/gcc/arm-none-eabi/10.3.1/../../../arm-none-eabi/lib/thumb/v7-m/nofp/libc.a
LOAD /usr/lib/gcc/arm-none-eabi/10.3.1/../../../arm-none-eabi/lib/thumb/v7-m/nofp/libnosys.a
END GROUP
LOAD /usr/lib/gcc/arm-none-eabi/10.3.1/thumb/v7-m/nofp/crtend.o
LOAD /usr/lib/gcc/arm-none-eabi/10.3.1/thumb/v7-m/nofp/crtn.o
                0x0000000020005000                _estack = (ORIGIN (RAM) + LENGTH (RAM))
                0x0000000000000200                _Min_Heap_Size = 0x200
                0x0000000000000400                _Min_Stack_Size = 0x400

.isr_vector     0x0000000008000000      0x130
                0x0000000008000000                . = ALIGN (0x4)
 *(.isr_vector)
 .isr_vector    0x0000000008000000      0x130 /tmp/ccBY5AEq.o
                0x0000000008000000                g_pfnVectors
                0x0000000008000130                . = ALIGN (0x4)

.text           0x0000000008000130      0x484
                0x0000000008000130                . = ALIGN (0x4)
 *(.text)
 .text          0x0000000008000130       0x88 /usr/lib/gcc/arm-none-eabi/10.3.1/thumb/v7-m/nofp/crtbegin.o
 .text          0x00000000080001b8      0x104 /tmp/ccLyxsov.o
                0x00000000080001b8                adc1_init
                0x0000000008000284                adc1_read
 .text          0x00000000080002bc       0x74 /tmp/ccRa6uZT.o
                0x00000000080002bc                delay_init
                0x00000000080002f0                delay
 .text          0x0000000008000330       0xd0 /tmp/ccFah88y.o
                0x0000000008000330                led_init
                0x0000000008000368                led_blink
                0x00000000080003c8                led_on
                0x00000000080003e4                led_off
 .text          0x0000000008000400       0x50 /tmp/cclCuV6A.o
                0x0000000008000400                main
 .text          0x0000000008000450        0xc /usr/lib/gcc/arm-none-eabi/10.3.1/../../../arm-none-eabi/lib/thumb/v7-m/nofp/libg.a(lib_a-atexit.o)
                0x0000000008000450                atexit
 .text          0x000000000800045c       0x2c /usr/lib/gcc/arm-none-eabi/10.3.1/../../../arm-none-eabi/lib/thumb/v7-m/nofp/libg.a(lib_a-fini.o)
                0x000000000800045c                __libc_fini_array
 .text          0x0000000008000488       0x48 /usr/lib/gcc/arm-none-eabi/10.3.1/../../../arm-none-eabi/lib/thumb/v7-m/nofp/libg.a(lib_a-init.o)
                0x0000000008000488                __libc_init_array
 .text          0x00000000080004d0       0x64 /usr/lib/gcc/arm-none-eabi/10.3.1/../../../arm-none-eabi/lib/thumb/v7-m/nofp/libg.a(lib_a-__atexit.o)
                0x00000000080004d0                __register_exitproc
 *(.text*)
 .text.Reset_Handler
                0x0000000008000534       0x50 /tmp/ccBY5AEq.o
                0x0000000008000534                Reset_Handler
 .text.Default_Handler
                0x0000000008000584        0x2 /tmp/ccBY5AEq.o
                0x0000000008000584                EXTI2_IRQHandler
                0x0000000008000584                TIM8_TRG_COM_IRQHandler
                0x0000000008000584                TIM8_CC_IRQHandler
                0x0000000008000584                DebugMon_Handler
                0x0000000008000584                TIM1_CC_IRQHandler
                0x0000000008000584                HardFault_Handler
                0x0000000008000584                TIM6_IRQHandler
                0x0000000008000584                SysTick_Handler
                0x0000000008000584                PVD_IRQHandler
                0x0000000008000584                SDIO_IRQHandler
                0x0000000008000584                PendSV_Handler
                0x0000000008000584                NMI_Handler
                0x0000000008000584                EXTI3_IRQHandler
                0x0000000008000584                USB_HP_CAN_TX_IRQHandler
                0x0000000008000584                EXTI0_IRQHandler
                0x0000000008000584                I2C2_EV_IRQHandler
                0x0000000008000584                UsageFault_Handler
                0x0000000008000584                ADC1_2_IRQHandler
                0x0000000008000584                SPI1_IRQHandler
                0x0000000008000584                CAN_SCE_IRQHandler
                0x0000000008000584                TAMPER_IRQHandler
                0x0000000008000584                TIM8_UP_IRQHandler
                0x0000000008000584                DMA2_Channel2_IRQHandler
                0x0000000008000584                DMA1_Channel4_IRQHandler
                0x0000000008000584                USART3_IRQHandler
                0x0000000008000584                RTC_IRQHandler
                0x0000000008000584                DMA1_Channel7_IRQHandler
                0x0000000008000584                UART5_IRQHandler
                0x0000000008000584                ADC3_IRQHandler
                0x0000000008000584                TIM4_IRQHandler
                0x0000000008000584                CAN_RX1_IRQHandler
                0x0000000008000584                DMA2_Channel1_IRQHandler
                0x0000000008000584                I2C1_EV_IRQHandler
                0x0000000008000584                DMA1_Channel6_IRQHandler
                0x0000000008000584                UART4_IRQHandler
                0x0000000008000584                TIM3_IRQHandler
                0x0000000008000584                RCC_IRQHandler
                0x0000000008000584                TIM1_TRG_COM_IRQHandler
                0x0000000008000584                DMA1_Channel1_IRQHandler
                0x0000000008000584                Default_Handler
                0x0000000008000584                EXTI15_10_IRQHandler
                0x0000000008000584                TIM7_IRQHandler
                0x0000000008000584                TIM5_IRQHandler
                0x0000000008000584                EXTI9_5_IRQHandler
                0x0000000008000584                SPI2_IRQHandler
                0x0000000008000584                USB_LP_CAN_RX0_IRQHandler
                0x0000000008000584                MemManage_Handler
                0x0000000008000584                SVC_Handler
                0x0000000008000584                DMA1_Channel5_IRQHandler
                0x0000000008000584                EXTI4_IRQHandler
                0x0000000008000584                DMA1_Channel3_IRQHandler
                0x0000000008000584                FSMC_IRQHandler
                0x0000000008000584                TIM1_UP_IRQHandler
                0x0000000008000584                WWDG_IRQHandler
                0x0000000008000584                TIM2_IRQHandler
                0x0000000008000584                TIM1_BRK_IRQHandler
                0x0000000008000584                EXTI1_IRQHandler
                0x0000000008000584                RTCAlarm_IRQHandler
                0x0000000008000584                DMA2_Channel4_5_IRQHandler
                0x0000000008000584                USART2_IRQHandler
                0x0000000008000584                I2C2_ER_IRQHandler
                0x0000000008000584                DMA1_Channel2_IRQHandler
                0x0000000008000584                TIM8_BRK_IRQHandler
                0x0000000008000584                FLASH_IRQHandler
                0x0000000008000584                BusFault_Handler
                0x0000000008000584                USART1_IRQHandler
                0x0000000008000584                SPI3_IRQHandler
                0x0000000008000584                I2C1_ER_IRQHandler
                0x0000000008000584                DMA2_Channel3_IRQHandler
 *fill*         0x0000000008000586        0x2 
 .text.startup  0x0000000008000588       0x14 /usr/lib/gcc/arm-none-eabi/10.3.1/../../../arm-none-eabi/lib/thumb/v7-m/nofp/libg.a(lib_a-__call_atexit.o)
 *(.glue_7)
 .glue_7        0x000000000800059c        0x0 linker stubs
 *(.glue_7t)
 .glue_7t       0x000000000800059c        0x0 linker stubs
 *(.eh_frame)
 .eh_frame      0x000000000800059c        0x0 /usr/lib/gcc/arm-none-eabi/10.3.1/thumb/v7-m/nofp/crtbegin.o
 *(.init)
 .init          0x000000000800059c        0x4 /usr/lib/gcc/arm-none-eabi/10.3.1/thumb/v7-m/nofp/crti.o
                0x000000000800059c                _init
 .init          0x00000000080005a0        0x8 /usr/lib/gcc/arm-none-eabi/10.3.1/thumb/v7-m/nofp/crtn.o
 *(.fini)
 .fini          0x00000000080005a8        0x4 /usr/lib/gcc/arm-none-eabi/10.3.1/thumb/v7-m/nofp/crti.o
                0x00000000080005a8                _fini
 .fini          0x00000000080005ac        0x8 /usr/lib/gcc/arm-none-eabi/10.3.1/thumb/v7-m/nofp/crtn.o
                0x00000000080005b4                . = ALIGN (0x4)
                0x00000000080005b4                _etext = .

.vfp11_veneer   0x00000000080005b4        0x0
 .vfp11_veneer  0x00000000080005b4        0x0 linker stubs

.v4_bx          0x00000000080005b4        0x0
 .v4_bx         0x00000000080005b4        0x0 linker stubs

.iplt           0x00000000080005b4        0x0
 .iplt          0x00000000080005b4        0x0 /usr/lib/gcc/arm-none-eabi/10.3.1/thumb/v7-m/nofp/crtbegin.o

.rodata         0x00000000080005b4        0x4
                0x00000000080005b4                . = ALIGN (0x4)
 *(.rodata)
 .rodata        0x00000000080005b4        0x4 /usr/lib/gcc/arm-none-eabi/10.3.1/../../../arm-none-eabi/lib/thumb/v7-m/nofp/libg.a(lib_a-impure.o)
                0x00000000080005b4                _global_impure_ptr
 *(.rodata*)
                0x00000000080005b8                . = ALIGN (0x4)

.ARM.extab      0x00000000080005b8        0x0
                0x00000000080005b8                . = ALIGN (0x4)
 *(.ARM.extab* .gnu.linkonce.armextab.*)
                0x00000000080005b8                . = ALIGN (0x4)

.ARM            0x00000000080005b8        0x0
                0x00000000080005b8                . = ALIGN (0x4)
                0x00000000080005b8                __exidx_start = .
 *(.ARM.exidx*)
                0x00000000080005b8                __exidx_end = .
                0x00000000080005b8                . = ALIGN (0x4)

.preinit_array  0x00000000080005b8        0x0
                0x00000000080005b8                . = ALIGN (0x4)
                0x00000000080005b8                PROVIDE (__preinit_array_start = .)
 *(.preinit_array*)
                0x00000000080005b8                PROVIDE (__preinit_array_end = .)
                0x00000000080005b8                . = ALIGN (0x4)

.init_array     0x00000000080005b8        0x8
                0x00000000080005b8                . = ALIGN (0x4)
                0x00000000080005b8                PROVIDE (__init_array_start = .)
 *(SORT_BY_NAME(.init_array.*))
 .init_array.00000
                0x00000000080005b8        0x4 /usr/lib/gcc/arm-none-eabi/10.3.1/../../../arm-none-eabi/lib/thumb/v7-m/nofp/libg.a(lib_a-__call_atexit.o)
 *(.init_array*)
 .init_array    0x00000000080005bc        0x4 /usr/lib/gcc/arm-none-eabi/10.3.1/thumb/v7-m/nofp/crtbegin.o
                0x00000000080005c0                PROVIDE (__init_array_end = .)
                0x00000000080005c0                . = ALIGN (0x4)

.fini_array     0x00000000080005c0        0x4
                0x00000000080005c0                . = ALIGN (0x4)
                0x00000000080005c0                PROVIDE (__fini_array_start = .)
 *(SORT_BY_NAME(.fini_array.*))
 *(.fini_array*)
 .fini_array    0x00000000080005c0        0x4 /usr/lib/gcc/arm-none-eabi/10.3.1/thumb/v7-m/nofp/crtbegin.o
                0x00000000080005c4                PROVIDE (__fini_array_end = .)
                0x00000000080005c4                . = ALIGN (0x4)
                0x00000000080005c4                _sidata = LOADADDR (.data)

.rel.dyn        0x00000000080005c4        0x0
 .rel.iplt      0x00000000080005c4        0x0 /usr/lib/gcc/arm-none-eabi/10.3.1/thumb/v7-m/nofp/crtbegin.o

.data           0x0000000020000000      0x430 load address 0x00000000080005c4
                0x0000000020000000                . = ALIGN (0x4)
                0x0000000020000000                _sdata = .
 *(.data)
 .data          0x0000000020000000      0x430 /usr/lib/gcc/arm-none-eabi/10.3.1/../../../arm-none-eabi/lib/thumb/v7-m/nofp/libg.a(lib_a-impure.o)
                0x0000000020000000                _impure_ptr
 *(.data*)
 *(.RamFunc)
 *(.RamFunc*)
                0x0000000020000430                . = ALIGN (0x4)
                0x0000000020000430                _edata = .

.tm_clone_table
                0x0000000020000430        0x0 load address 0x00000000080009f4
 .tm_clone_table
                0x0000000020000430        0x0 /usr/lib/gcc/arm-none-eabi/10.3.1/thumb/v7-m/nofp/crtbegin.o
 .tm_clone_table
                0x0000000020000430        0x0 /usr/lib/gcc/arm-none-eabi/10.3.1/thumb/v7-m/nofp/crtend.o

.igot.plt       0x0000000020000430        0x0 load address 0x00000000080009f4
 .igot.plt      0x0000000020000430        0x0 /usr/lib/gcc/arm-none-eabi/10.3.1/thumb/v7-m/nofp/crtbegin.o
                0x0000000020000430                . = ALIGN (0x4)

.bss            0x0000000020000430       0x1c load address 0x00000000080009f4
                0x0000000020000430                _sbss = .
                0x0000000020000430                __bss_start__ = _sbss
 *(.bss)
 .bss           0x0000000020000430       0x1c /usr/lib/gcc/arm-none-eabi/10.3.1/thumb/v7-m/nofp/crtbegin.o
 *(.bss*)
 *(COMMON)
                0x000000002000044c                . = ALIGN (0x4)
                0x000000002000044c                _ebss = .
                0x000000002000044c                __bss_end__ = _ebss

._user_heap_stack
                0x000000002000044c      0x604 load address 0x00000000080009f4
                0x0000000020000450                . = ALIGN (0x8)
 *fill*         0x000000002000044c        0x4 
                [!provide]                        PROVIDE (end = .)
                [!provide]                        PROVIDE (_end = .)
                0x0000000020000650                . = (. + _Min_Heap_Size)
 *fill*         0x0000000020000450      0x200 
                0x0000000020000a50                . = (. + _Min_Stack_Size)
 *fill*         0x0000000020000650      0x400 
                0x0000000020000a50                . = ALIGN (0x8)

/DISCARD/
 libc.a(*)
 libm.a(*)
 libgcc.a(*)

.ARM.attributes
                0x0000000000000000       0x29
 *(.ARM.attributes)
 .ARM.attributes
                0x0000000000000000       0x1d /usr/lib/gcc/arm-none-eabi/10.3.1/thumb/v7-m/nofp/crti.o
 .ARM.attributes
                0x000000000000001d       0x2d /usr/lib/gcc/arm-none-eabi/10.3.1/thumb/v7-m/nofp/crtbegin.o
 .ARM.attributes
                0x000000000000004a       0x2d /tmp/ccLyxsov.o
 .ARM.attributes
                0x0000000000000077       0x2d /tmp/ccRa6uZT.o
 .ARM.attributes
                0x00000000000000a4       0x2d /tmp/ccFah88y.o
 .ARM.attributes
                0x00000000000000d1       0x2d /tmp/cclCuV6A.o
 .ARM.attributes
                0x00000000000000fe       0x21 /tmp/ccBY5AEq.o
 .ARM.attributes
                0x000000000000011f       0x2d /usr/lib/gcc/arm-none-eabi/10.3.1/../../../arm-none-eabi/lib/thumb/v7-m/nofp/libg.a(lib_a-atexit.o)
 .ARM.attributes
                0x000000000000014c       0x2d /usr/lib/gcc/arm-none-eabi/10.3.1/../../../arm-none-eabi/lib/thumb/v7-m/nofp/libg.a(lib_a-fini.o)
 .ARM.attributes
                0x0000000000000179       0x2d /usr/lib/gcc/arm-none-eabi/10.3.1/../../../arm-none-eabi/lib/thumb/v7-m/nofp/libg.a(lib_a-impure.o)
 .ARM.attributes
                0x00000000000001a6       0x2d /usr/lib/gcc/arm-none-eabi/10.3.1/../../../arm-none-eabi/lib/thumb/v7-m/nofp/libg.a(lib_a-init.o)
 .ARM.attributes
                0x00000000000001d3       0x2d /usr/lib/gcc/arm-none-eabi/10.3.1/../../../arm-none-eabi/lib/thumb/v7-m/nofp/libg.a(lib_a-__atexit.o)
 .ARM.attributes
                0x0000000000000200       0x2d /usr/lib/gcc/arm-none-eabi/10.3.1/../../../arm-none-eabi/lib/thumb/v7-m/nofp/libg.a(lib_a-__call_atexit.o)
 .ARM.attributes
                0x000000000000022d       0x2d /usr/lib/gcc/arm-none-eabi/10.3.1/thumb/v7-m/nofp/crtend.o
 .ARM.attributes
                0x000000000000025a       0x1d /usr/lib/gcc/arm-none-eabi/10.3.1/thumb/v7-m/nofp/crtn.o
OUTPUT(bare_metal_blink.elf elf32-littlearm)
LOAD linker stubs
LOAD /usr/lib/gcc/arm-none-eabi/10.3.1/../../../arm-none-eabi/lib/thumb/v7-m/nofp/libc.a
LOAD /usr/lib/gcc/arm-none-eabi/10.3.1/../../../arm-none-eabi/lib/thumb/v7-m/nofp/libm.a
LOAD /usr/lib/gcc/arm-none-eabi/10.3.1/thumb/v7-m/nofp/libgcc.a

.comment        0x0000000000000000       0x33
 .comment       0x0000000000000000       0x33 /usr/lib/gcc/arm-none-eabi/10.3.1/thumb/v7-m/nofp/crtbegin.o
                                         0x34 (size before relaxing)
 .comment       0x0000000000000033       0x34 /tmp/ccLyxsov.o
 .comment       0x0000000000000033       0x34 /tmp/ccRa6uZT.o
 .comment       0x0000000000000033       0x34 /tmp/ccFah88y.o
 .comment       0x0000000000000033       0x34 /tmp/cclCuV6A.o
 .comment       0x0000000000000033       0x34 /usr/lib/gcc/arm-none-eabi/10.3.1/../../../arm-none-eabi/lib/thumb/v7-m/nofp/libg.a(lib_a-atexit.o)
 .comment       0x0000000000000033       0x34 /usr/lib/gcc/arm-none-eabi/10.3.1/../../../arm-none-eabi/lib/thumb/v7-m/nofp/libg.a(lib_a-fini.o)
 .comment       0x0000000000000033       0x34 /usr/lib/gcc/arm-none-eabi/10.3.1/../../../arm-none-eabi/lib/thumb/v7-m/nofp/libg.a(lib_a-impure.o)
 .comment       0x0000000000000033       0x34 /usr/lib/gcc/arm-none-eabi/10.3.1/../../../arm-none-eabi/lib/thumb/v7-m/nofp/libg.a(lib_a-init.o)
 .comment       0x0000000000000033       0x34 /usr/lib/gcc/arm-none-eabi/10.3.1/../../../arm-none-eabi/lib/thumb/v7-m/nofp/libg.a(lib_a-__atexit.o)
 .comment       0x0000000000000033       0x34 /usr/lib/gcc/arm-none-eabi/10.3.1/../../../arm-none-eabi/lib/thumb/v7-m/nofp/libg.a(lib_a-__call_atexit.o)
 .comment       0x0000000000000033       0x34 /usr/lib/gcc/arm-none-eabi/10.3.1/thumb/v7-m/nofp/crtend.o

.debug_info     0x0000000000000000     0x22b3
 .debug_info    0x0000000000000000       0x81 /tmp/ccLyxsov.o
 .debug_info    0x0000000000000081       0x80 /tmp/ccRa6uZT.o
 .debug_info    0x0000000000000101       0xda /tmp/ccFah88y.o
 .debug_info    0x00000000000001db       0x83 /tmp/cclCuV6A.o
 .debug_info    0x000000000000025e       0x22 /tmp/ccBY5AEq.o
 .debug_info    0x0000000000000280      0x100 /usr/lib/gcc/arm-none-eabi/10.3.1/../../../arm-none-eabi/lib/thumb/v7-m/nofp/libg.a(lib_a-atexit.o)
 .debug_info    0x0000000000000380      0x102 /usr/lib/gcc/arm-none-eabi/10.3.1/../../../arm-none-eabi/lib/thumb/v7-m/nofp/libg.a(lib_a-fini.o)
 .debug_info    0x0000000000000482      0x92a /usr/lib/gcc/arm-none-eabi/10.3.1/../../../arm-none-eabi/lib/thumb/v7-m/nofp/libg.a(lib_a-impure.o)
 .debug_info    0x0000000000000dac      0x11a /usr/lib/gcc/arm-none-eabi/10.3.1/../../../arm-none-eabi/lib/thumb/v7-m/nofp/libg.a(lib_a-init.o)
 .debug_info    0x0000000000000ec6      0x9b0 /usr/lib/gcc/arm-none-eabi/10.3.1/../../../arm-none-eabi/lib/thumb/v7-m/nofp/libg.a(lib_a-__atexit.o)
 .debug_info    0x0000000000001876      0xa3d /usr/lib/gcc/arm-none-eabi/10.3.1/../../../arm-none-eabi/lib/thumb/v7-m/nofp/libg.a(lib_a-__call_atexit.o)

.debug_abbrev   0x0000000000000000      0xb22
 .debug_abbrev  0x0000000000000000       0x86 /tmp/ccLyxsov.o
 .debug_abbrev  0x0000000000000086       0x83 /tmp/ccRa6uZT.o
 .debug_abbrev  0x0000000000000109       0xa0 /tmp/ccFah88y.o
 .debug_abbrev  0x00000000000001a9       0x6c /tmp/cclCuV6A.o
 .debug_abbrev  0x0000000000000215       0x12 /tmp/ccBY5AEq.o
 .debug_abbrev  0x0000000000000227       0xb7 /usr/lib/gcc/arm-none-eabi/10.3.1/../../../arm-none-eabi/lib/thumb/v7-m/nofp/libg.a(lib_a-atexit.o)
 .debug_abbrev  0x00000000000002de       0xcf /usr/lib/gcc/arm-none-eabi/10.3.1/../../../arm-none-eabi/lib/thumb/v7-m/nofp/libg.a(lib_a-fini.o)
 .debug_abbrev  0x00000000000003ad      0x1b8 /usr/lib/gcc/arm-none-eabi/10.3.1/../../../arm-none-eabi/lib/thumb/v7-m/nofp/libg.a(lib_a-impure.o)
 .debug_abbrev  0x0000000000000565       0xcc /usr/lib/gcc/arm-none-eabi/10.3.1/../../../arm-none-eabi/lib/thumb/v7-m/nofp/libg.a(lib_a-init.o)
 .debug_abbrev  0x0000000000000631      0x23f /usr/lib/gcc/arm-none-eabi/10.3.1/../../../arm-none-eabi/lib/thumb/v7-m/nofp/libg.a(lib_a-__atexit.o)
 .debug_abbrev  0x0000000000000870      0x2b2 /usr/lib/gcc/arm-none-eabi/10.3.1/../../../arm-none-eabi/lib/thumb/v7-m/nofp/libg.a(lib_a-__call_atexit.o)

.debug_aranges  0x0000000000000000      0x168
 .debug_aranges
                0x0000000000000000       0x20 /tmp/ccLyxsov.o
 .debug_aranges
                0x0000000000000020       0x20 /tmp/ccRa6uZT.o
 .debug_aranges
                0x0000000000000040       0x20 /tmp/ccFah88y.o
 .debug_aranges
                0x0000000000000060       0x20 /tmp/cclCuV6A.o
 .debug_aranges
                0x0000000000000080       0x28 /tmp/ccBY5AEq.o
 .debug_aranges
                0x00000000000000a8       0x20 /usr/lib/gcc/arm-none-eabi/10.3.1/../../../arm-none-eabi/lib/thumb/v7-m/nofp/libg.a(lib_a-atexit.o)
 .debug_aranges
                0x00000000000000c8       0x20 /usr/lib/gcc/arm-none-eabi/10.3.1/../../../arm-none-eabi/lib/thumb/v7-m/nofp/libg.a(lib_a-fini.o)
 .debug_aranges
                0x00000000000000e8       0x18 /usr/lib/gcc/arm-none-eabi/10.3.1/../../../arm-none-eabi/lib/thumb/v7-m/nofp/libg.a(lib_a-impure.o)
 .debug_aranges
                0x0000000000000100       0x20 /usr/lib/gcc/arm-none-eabi/10.3.1/../../../arm-none-eabi/lib/thumb/v7-m/nofp/libg.a(lib_a-init.o)
 .debug_aranges
                0x0000000000000120       0x20 /usr/lib/gcc/arm-none-eabi/10.3.1/../../../arm-none-eabi/lib/thumb/v7-m/nofp/libg.a(lib_a-__atexit.o)
 .debug_aranges
                0x0000000000000140       0x28 /usr/lib/gcc/arm-none-eabi/10.3.1/../../../arm-none-eabi/lib/thumb/v7-m/nofp/libg.a(lib_a-__call_atexit.o)

.debug_macro    0x0000000000000000      0xb46
 .debug_macro   0x0000000000000000       0x1a /tmp/ccLyxsov.o
 .debug_macro   0x000000000000001a      0xa5a /tmp/ccLyxsov.o
 .debug_macro   0x0000000000000a74       0x3a /tmp/ccLyxsov.o
 .debug_macro   0x0000000000000aae       0x1a /tmp/ccRa6uZT.o
 .debug_macro   0x0000000000000ac8       0x1c /tmp/ccRa6uZT.o
 .debug_macro   0x0000000000000ae4       0x1a /tmp/ccFah88y.o
 .debug_macro   0x0000000000000afe       0x1c /tmp/ccFah88y.o
 .debug_macro   0x0000000000000b1a       0x2c /tmp/cclCuV6A.o

.debug_line     0x0000000000000000      0xb14
 .debug_line    0x0000000000000000       0xb5 /tmp/ccLyxsov.o
 .debug_line    0x00000000000000b5       0x93 /tmp/ccRa6uZT.o
 .debug_line    0x0000000000000148       0xa0 /tmp/ccFah88y.o
 .debug_line    0x00000000000001e8       0x99 /tmp/cclCuV6A.o
 .debug_line    0x0000000000000281       0x81 /tmp/ccBY5AEq.o
 .debug_line    0x0000000000000302       0xc0 /usr/lib/gcc/arm-none-eabi/10.3.1/../../../arm-none-eabi/lib/thumb/v7-m/nofp/libg.a(lib_a-atexit.o)
 .debug_line    0x00000000000003c2       0xed /usr/lib/gcc/arm-none-eabi/10.3.1/../../../arm-none-eabi/lib/thumb/v7-m/nofp/libg.a(lib_a-fini.o)
 .debug_line    0x00000000000004af       0xe4 /usr/lib/gcc/arm-none-eabi/10.3.1/../../../arm-none-eabi/lib/thumb/v7-m/nofp/libg.a(lib_a-impure.o)
 .debug_line    0x0000000000000593      0x13f /usr/lib/gcc/arm-none-eabi/10.3.1/../../../arm-none-eabi/lib/thumb/v7-m/nofp/libg.a(lib_a-init.o)
 .debug_line    0x00000000000006d2      0x1ab /usr/lib/gcc/arm-none-eabi/10.3.1/../../../arm-none-eabi/lib/thumb/v7-m/nofp/libg.a(lib_a-__atexit.o)
 .debug_line    0x000000000000087d      0x297 /usr/lib/gcc/arm-none-eabi/10.3.1/../../../arm-none-eabi/lib/thumb/v7-m/nofp/libg.a(lib_a-__call_atexit.o)

.debug_str      0x0000000000000000     0x373d
 .debug_str     0x0000000000000000     0x2dce /tmp/ccLyxsov.o
                                       0x2ddb (size before relaxing)
 .debug_str     0x0000000000002dce       0xc9 /tmp/ccRa6uZT.o
                                       0x2cfc (size before relaxing)
 .debug_str     0x0000000000002e97       0xb4 /tmp/ccFah88y.o
                                       0x2d1a (size before relaxing)
 .debug_str     0x0000000000002f4b       0x10 /tmp/cclCuV6A.o
                                       0x2ecf (size before relaxing)
 .debug_str     0x0000000000002f5b       0x2c /tmp/ccBY5AEq.o
                                         0x71 (size before relaxing)
 .debug_str     0x0000000000002f87      0x14c /usr/lib/gcc/arm-none-eabi/10.3.1/../../../arm-none-eabi/lib/thumb/v7-m/nofp/libg.a(lib_a-atexit.o)
                                        0x1dc (size before relaxing)
 .debug_str     0x00000000000030d3       0xc4 /usr/lib/gcc/arm-none-eabi/10.3.1/../../../arm-none-eabi/lib/thumb/v7-m/nofp/libg.a(lib_a-fini.o)
                                        0x1d4 (size before relaxing)
 .debug_str     0x0000000000003197      0x449 /usr/lib/gcc/arm-none-eabi/10.3.1/../../../arm-none-eabi/lib/thumb/v7-m/nofp/libg.a(lib_a-impure.o)
                                        0x57a (size before relaxing)
 .debug_str     0x00000000000035e0       0x90 /usr/lib/gcc/arm-none-eabi/10.3.1/../../../arm-none-eabi/lib/thumb/v7-m/nofp/libg.a(lib_a-init.o)
                                        0x1fe (size before relaxing)
 .debug_str     0x0000000000003670       0x3b /usr/lib/gcc/arm-none-eabi/10.3.1/../../../arm-none-eabi/lib/thumb/v7-m/nofp/libg.a(lib_a-__atexit.o)
                                        0x5b4 (size before relaxing)
 .debug_str     0x00000000000036ab       0x92 /usr/lib/gcc/arm-none-eabi/10.3.1/../../../arm-none-eabi/lib/thumb/v7-m/nofp/libg.a(lib_a-__call_atexit.o)
                                        0x5e0 (size before relaxing)

.debug_frame    0x0000000000000000      0x274
 .debug_frame   0x0000000000000000       0x58 /tmp/ccLyxsov.o
 .debug_frame   0x0000000000000058       0x58 /tmp/ccRa6uZT.o
 .debug_frame   0x00000000000000b0       0x98 /tmp/ccFah88y.o
 .debug_frame   0x0000000000000148       0x30 /tmp/cclCuV6A.o
 .debug_frame   0x0000000000000178       0x20 /usr/lib/gcc/arm-none-eabi/10.3.1/../../../arm-none-eabi/lib/thumb/v7-m/nofp/libg.a(lib_a-atexit.o)
 .debug_frame   0x0000000000000198       0x34 /usr/lib/gcc/arm-none-eabi/10.3.1/../../../arm-none-eabi/lib/thumb/v7-m/nofp/libg.a(lib_a-fini.o)
 .debug_frame   0x00000000000001cc       0x2c /usr/lib/gcc/arm-none-eabi/10.3.1/../../../arm-none-eabi/lib/thumb/v7-m/nofp/libg.a(lib_a-init.o)
 .debug_frame   0x00000000000001f8       0x2c /usr/lib/gcc/arm-none-eabi/10.3.1/../../../arm-none-eabi/lib/thumb/v7-m/nofp/libg.a(lib_a-__atexit.o)
 .debug_frame   0x0000000000000224       0x50 /usr/lib/gcc/arm-none-eabi/10.3.1/../../../arm-none-eabi/lib/thumb/v7-m/nofp/libg.a(lib_a-__call_atexit.o)

.debug_ranges   0x0000000000000000       0x70
 .debug_ranges  0x0000000000000000       0x20 /tmp/ccBY5AEq.o
 .debug_ranges  0x0000000000000020       0x50 /usr/lib/gcc/arm-none-eabi/10.3.1/../../../arm-none-eabi/lib/thumb/v7-m/nofp/libg.a(lib_a-__call_atexit.o)

.debug_loc      0x0000000000000000      0x43d
 .debug_loc     0x0000000000000000       0x32 /usr/lib/gcc/arm-none-eabi/10.3.1/../../../arm-none-eabi/lib/thumb/v7-m/nofp/libg.a(lib_a-atexit.o)
 .debug_loc     0x0000000000000032       0x68 /usr/lib/gcc/arm-none-eabi/10.3.1/../../../arm-none-eabi/lib/thumb/v7-m/nofp/libg.a(lib_a-fini.o)
 .debug_loc     0x000000000000009a       0xba /usr/lib/gcc/arm-none-eabi/10.3.1/../../../arm-none-eabi/lib/thumb/v7-m/nofp/libg.a(lib_a-init.o)
 .debug_loc     0x0000000000000154      0x13b /usr/lib/gcc/arm-none-eabi/10.3.1/../../../arm-none-eabi/lib/thumb/v7-m/nofp/libg.a(lib_a-__atexit.o)
 .debug_loc     0x000000000000028f      0x1ae /usr/lib/gcc/arm-none-eabi/10.3.1/../../../arm-none-eabi/lib/thumb/v7-m/nofp/libg.a(lib_a-__call_atexit.o)
